// Jest Snapshot v1, https://goo.gl/fbAQLP

exports[`TwoColumn should render the component and matches it against stored snapshot 1`] = `
<DocumentFragment>
  <div
    class="row"
  >
    <div
      class="pb-4 pb-md-0 col-md-4 col-12"
    />
    <div
      class="col-md-auto col-12"
    >
      <span
        class="d-flex h-100 sep"
      />
    </div>
    <div
      class="pt-4 pt-md-0 col"
    />
  </div>
</DocumentFragment>
`;
