// Jest Snapshot v1, https://goo.gl/fbAQLP

exports[`BadgeSection should render the component and matches it against stored snapshot 1`] = `[Function]`;
