// Jest Snapshot v1, https://goo.gl/fbAQLP

exports[`ContributionActions should render the component and matches it against stored snapshot 1`] = `
<DocumentFragment>
  <div
    class="root"
    data-testid="ContributionActions"
  >
    <div
      class="row"
    >
      <div
        class="mt-7 mt-md-9 col-md-6"
      >
        <a
          href="/sunoIndia/record.html"
        >
          <div
            class="root overflow-hidden"
            data-testid="ActionCard"
          >
            <div
              class="cardGradient"
            >
              <div
                class="cardTopBg"
              >
                <div
                  class="cardBottomBg"
                >
                  <div
                    class="cardWarning position-absolute"
                    data-testid="ActionCardWarningMessage"
                  >
                    <p
                      class="pl-2 m-0"
                    >
                      contributeWarningMsg
                    </p>
                  </div>
                  <div
                    class="card d-flex p-5 p-md-7 p-xl-9 align-items-center"
                  >
                    <div
                      class="flex-grow-1"
                    >
                      <h1
                        class="type"
                      >
                        Transcribe
                      </h1>
                      <p
                        class="text mt-1 mt-md-2 mb-0"
                      >
                        sunoContributionTagline
                      </p>
                    </div>
                    <div
                      class="icon iconShadowGreen d-flex rounded-circle flex-shrink-0"
                    >
                      <div
                        style="display: inline-block; max-width: 100%; overflow: hidden; position: relative; box-sizing: border-box; margin: 0px;"
                      >
                        <div
                          style="box-sizing: border-box; display: block; max-width: 100%;"
                        >
                          <img
                            alt=""
                            aria-hidden="true"
                            src="data:image/svg+xml;base64,PHN2ZyB3aWR0aD0iMTIwIiBoZWlnaHQ9IjEyMCIgeG1sbnM9Imh0dHA6Ly93d3cudzMub3JnLzIwMDAvc3ZnIiB2ZXJzaW9uPSIxLjEiLz4="
                            style="max-width: 100%; display: block; margin: 0px; padding: 0px;"
                          />
                        </div>
                        <img
                          alt="Contribute Icon"
                          data-nimg="intrinsic"
                          decoding="async"
                          src="data:image/gif;base64,R0lGODlhAQABAIAAAAAAAP///yH5BAEAAAAALAAAAAABAAEAAAIBRAA7"
                          style="position: absolute; top: 0px; left: 0px; bottom: 0px; right: 0px; box-sizing: border-box; padding: 0px; margin: auto; display: block; width: 0px; height: 0px; min-width: 100%; max-width: 100%; min-height: 100%; max-height: 100%;"
                        />
                        <noscript />
                      </div>
                    </div>
                  </div>
                </div>
              </div>
            </div>
          </div>
        </a>
      </div>
      <div
        class="mt-9 mt-md-9 col-md-6"
      >
        <a
          href="/sunoIndia/validator-page.html"
        >
          <div
            class="root overflow-hidden"
            data-testid="ActionCard"
          >
            <div
              class="cardGradient"
            >
              <div
                class="cardTopBg"
              >
                <div
                  class="cardBottomBg"
                >
                  <div
                    class="cardWarning position-absolute"
                    data-testid="ActionCardWarningMessage"
                  >
                    <p
                      class="pl-2 m-0"
                    >
                      validateWarningMsg
                    </p>
                  </div>
                  <div
                    class="card d-flex p-5 p-md-7 p-xl-9 align-items-center"
                  >
                    <div
                      class="flex-grow-1"
                    >
                      <h1
                        class="type"
                      >
                        Validate
                      </h1>
                      <p
                        class="text mt-1 mt-md-2 mb-0"
                      >
                        sunoValidationTagline
                      </p>
                    </div>
                    <div
                      class="icon iconShadowBlue d-flex rounded-circle flex-shrink-0"
                    >
                      <div
                        style="display: inline-block; max-width: 100%; overflow: hidden; position: relative; box-sizing: border-box; margin: 0px;"
                      >
                        <div
                          style="box-sizing: border-box; display: block; max-width: 100%;"
                        >
                          <img
                            alt=""
                            aria-hidden="true"
                            src="data:image/svg+xml;base64,PHN2ZyB3aWR0aD0iMTIwIiBoZWlnaHQ9IjEyMCIgeG1sbnM9Imh0dHA6Ly93d3cudzMub3JnLzIwMDAvc3ZnIiB2ZXJzaW9uPSIxLjEiLz4="
                            style="max-width: 100%; display: block; margin: 0px; padding: 0px;"
                          />
                        </div>
                        <img
                          alt="Contribute Icon"
                          data-nimg="intrinsic"
                          decoding="async"
                          src="data:image/gif;base64,R0lGODlhAQABAIAAAAAAAP///yH5BAEAAAAALAAAAAABAAEAAAIBRAA7"
                          style="position: absolute; top: 0px; left: 0px; bottom: 0px; right: 0px; box-sizing: border-box; padding: 0px; margin: auto; display: block; width: 0px; height: 0px; min-width: 100%; max-width: 100%; min-height: 100%; max-height: 100%;"
                        />
                        <noscript />
                      </div>
                    </div>
                  </div>
                </div>
              </div>
            </div>
          </div>
        </a>
      </div>
    </div>
  </div>
</DocumentFragment>
`;
