// Jest Snapshot v1, https://goo.gl/fbAQLP

exports[`Body should render the component and matches it against stored snapshot 1`] = `
<DocumentFragment>
  <main
    class="my-md-4 container-xxl"
    data-testid="Body"
    role="main"
  >
    Hello World
  </main>
</DocumentFragment>
`;
