// Jest Snapshot v1, https://goo.gl/fbAQLP

exports[`FunctionalHeader should render the component and matches it against stored snapshot 1`] = `
<DocumentFragment>
  <header>
    <div
      class="d-lg-flex justify-content-lg-between align-items-lg-center px-3 px-md-3 px-lg-6"
    >
      <div
        class="root d-flex align-items-center"
        data-testid="Breadcrumbs"
      >
        <a
          class="link"
          href="/tts-initiative"
        >
          <div
            class="d-flex align-items-center cursor-pointer"
          >
            <div
              class="icon d-flex"
            >
              <span
                style="box-sizing: border-box; display: inline-block; overflow: hidden; background: none; opacity: 1; border: 0px; margin: 0px; padding: 0px; position: relative; max-width: 100%;"
              >
                <span
                  style="box-sizing: border-box; display: block; background: none; opacity: 1; border: 0px; margin: 0px; padding: 0px; max-width: 100%;"
                >
                  <img
                    alt=""
                    aria-hidden="true"
                    src="data:image/svg+xml,%3csvg%20xmlns=%27http://www.w3.org/2000/svg%27%20version=%271.1%27%20width=%2747%27%20height=%2742%27/%3e"
                    style="display: block; max-width: 100%; background: none; opacity: 1; border: 0px; margin: 0px; padding: 0px;"
                  />
                </span>
                <img
                  alt="ttsLogo"
                  data-nimg="intrinsic"
                  decoding="async"
                  src="data:image/gif;base64,R0lGODlhAQABAIAAAAAAAP///yH5BAEAAAAALAAAAAABAAEAAAIBRAA7"
                  style="position: absolute; top: 0px; left: 0px; bottom: 0px; right: 0px; box-sizing: border-box; padding: 0px; margin: auto; display: block; width: 0px; height: 0px; min-width: 100%; max-width: 100%; min-height: 100%; max-height: 100%;"
                />
                <noscript />
              </span>
            </div>
            <span
              class="initiative d-none d-md-block ms-1 ms-md-3 font-family-rowdies"
            >
              tts initiativeTextSuffix
            </span>
          </div>
        </a>
        <span
          class="mx-1 mx-md-3 text-primary-40"
        >
          /
        </span>
        <span
          class="display-5"
        >
          transcribe
        </span>
      </div>
      <div
        class="d-flex justify-content-end mt-1 mt-md-3 mt-lg-0"
      >
        <div
          class="me-2 me-md-4"
        >
          <button
            class="root rounded d-flex align-items-center px-3 text-primary text-decoration-none info normal btn btn-link"
            data-testid="tipsIconAlt_button"
            id="tips"
            type="button"
          >
            <span
              style="box-sizing: border-box; display: inline-block; overflow: hidden; background: none; opacity: 1; border: 0px; margin: 0px; padding: 0px; position: relative; max-width: 100%;"
            >
              <span
                style="box-sizing: border-box; display: block; background: none; opacity: 1; border: 0px; margin: 0px; padding: 0px; max-width: 100%;"
              >
                <img
                  alt=""
                  aria-hidden="true"
                  src="data:image/svg+xml,%3csvg%20xmlns=%27http://www.w3.org/2000/svg%27%20version=%271.1%27%20width=%2724%27%20height=%2724%27/%3e"
                  style="display: block; max-width: 100%; background: none; opacity: 1; border: 0px; margin: 0px; padding: 0px;"
                />
              </span>
              <img
                alt="tipsIconAlt"
                data-nimg="intrinsic"
                decoding="async"
                src="data:image/gif;base64,R0lGODlhAQABAIAAAAAAAP///yH5BAEAAAAALAAAAAABAAEAAAIBRAA7"
                style="position: absolute; top: 0px; left: 0px; bottom: 0px; right: 0px; box-sizing: border-box; padding: 0px; margin: auto; display: block; width: 0px; height: 0px; min-width: 100%; max-width: 100%; min-height: 100%; max-height: 100%;"
              />
              <noscript />
            </span>
            <span
              class="text ms-2 d-none d-md-block"
            >
              tips
            </span>
          </button>
        </div>
        <div>
          <button
            class="root rounded d-flex align-items-center px-3 text-primary text-decoration-none info normal btn btn-link"
            data-testid="reportIconAlt_button"
            id="report"
            type="button"
          >
            <span
              style="box-sizing: border-box; display: inline-block; overflow: hidden; background: none; opacity: 1; border: 0px; margin: 0px; padding: 0px; position: relative; max-width: 100%;"
            >
              <span
                style="box-sizing: border-box; display: block; background: none; opacity: 1; border: 0px; margin: 0px; padding: 0px; max-width: 100%;"
              >
                <img
                  alt=""
                  aria-hidden="true"
                  src="data:image/svg+xml,%3csvg%20xmlns=%27http://www.w3.org/2000/svg%27%20version=%271.1%27%20width=%2724%27%20height=%2724%27/%3e"
                  style="display: block; max-width: 100%; background: none; opacity: 1; border: 0px; margin: 0px; padding: 0px;"
                />
              </span>
              <img
                alt="reportIconAlt"
                data-nimg="intrinsic"
                decoding="async"
                src="data:image/gif;base64,R0lGODlhAQABAIAAAAAAAP///yH5BAEAAAAALAAAAAABAAEAAAIBRAA7"
                style="position: absolute; top: 0px; left: 0px; bottom: 0px; right: 0px; box-sizing: border-box; padding: 0px; margin: auto; display: block; width: 0px; height: 0px; min-width: 100%; max-width: 100%; min-height: 100%; max-height: 100%;"
              />
              <noscript />
            </span>
            <span
              class="text ms-2 d-none d-md-block"
            >
              report
            </span>
          </button>
        </div>
        <div
          class="ms-2 ms-md-4"
        >
          <div
            class="position-relative"
          >
            <button
              class="root rounded d-flex align-items-center px-3 text-primary text-decoration-none info normal btn btn-link"
              data-testid="testYourSpeaker_button"
              id="testSpeaker"
              type="button"
            >
              <span
                style="box-sizing: border-box; display: inline-block; overflow: hidden; background: none; opacity: 1; border: 0px; margin: 0px; padding: 0px; position: relative; max-width: 100%;"
              >
                <span
                  style="box-sizing: border-box; display: block; background: none; opacity: 1; border: 0px; margin: 0px; padding: 0px; max-width: 100%;"
                >
                  <img
                    alt=""
                    aria-hidden="true"
                    src="data:image/svg+xml,%3csvg%20xmlns=%27http://www.w3.org/2000/svg%27%20version=%271.1%27%20width=%2724%27%20height=%2724%27/%3e"
                    style="display: block; max-width: 100%; background: none; opacity: 1; border: 0px; margin: 0px; padding: 0px;"
                  />
                </span>
                <img
                  alt="testYourSpeaker"
                  data-nimg="intrinsic"
                  decoding="async"
                  src="data:image/gif;base64,R0lGODlhAQABAIAAAAAAAP///yH5BAEAAAAALAAAAAABAAEAAAIBRAA7"
                  style="position: absolute; top: 0px; left: 0px; bottom: 0px; right: 0px; box-sizing: border-box; padding: 0px; margin: auto; display: block; width: 0px; height: 0px; min-width: 100%; max-width: 100%; min-height: 100%; max-height: 100%;"
                />
                <noscript />
              </span>
              <span
                class="text ms-2 d-md-none"
              >
                test
              </span>
              <span
                class="text ms-2 d-none d-md-block"
              >
                testYourSpeaker
              </span>
            </button>
          </div>
        </div>
      </div>
    </div>
  </header>
</DocumentFragment>
`;
