// Jest Snapshot v1, https://goo.gl/fbAQLP

exports[`Badges should render the component and matches it against stored snapshot 1`] = `
<DocumentFragment>
  <div
    class="row"
  >
    <div
      class="col"
      data-testid="LanguageDropDown"
    >
      <div
        class="contributionLanguage"
      >
        <div
          class="d-flex flex-column flex-md-row align-items-md-center"
        >
          <label
            class="label mb-0 me-md-2 form-label"
            for="languageDropDown"
          >
            selectDropDownLanguagePrompt:
          </label>
          <select
            aria-label="Your Language"
            class="languageDropdown mt-1 mt-md-0 form-select"
            data-testid="SelectDropDownLanguage"
            id="languageDropDown"
            name="languageDropDown"
          >
            <option
              value="Assamese"
            >
              অসমীয়া
            </option>
            <option
              value="Bengali"
            >
              বাংলা
            </option>
            <option
              value="English"
            >
              English
            </option>
            <option
              value="Gujarati"
            >
              ગુજરાતી
            </option>
            <option
              value="Hindi"
            >
              हिंदी
            </option>
            <option
              value="Kannada"
            >
              ಕನ್ನಡ
            </option>
            <option
              value="Malayalam"
            >
              മലയാളം
            </option>
            <option
              value="Marathi"
            >
              मराठी
            </option>
            <option
              value="Odia"
            >
              ଓଡିଆ
            </option>
            <option
              value="Punjabi"
            >
              ਪੰਜਾਬੀ
            </option>
            <option
              value="Tamil"
            >
              தமிழ்
            </option>
            <option
              value="Telugu"
            >
              తెలుగు
            </option>
          </select>
        </div>
      </div>
    </div>
  </div>
</DocumentFragment>
`;
