// Jest Snapshot v1, https://goo.gl/fbAQLP

exports[`TriColorBorder should render the component and matches it against stored snapshot 1`] = `
<DocumentFragment>
  <div
    class="border d-flex"
  >
    <span
      class="orange"
    >
       
    </span>
    <span
      class="blue"
    >
       
    </span>
    <span
      class="green"
    >
       
    </span>
  </div>
</DocumentFragment>
`;
