// Jest Snapshot v1, https://goo.gl/fbAQLP

exports[`BoloSpeak should render the component and matches it against stored snapshot 1`] = `
<DocumentFragment>
  <div
    class="pt-4 px-2 px-lg-0 pb-8"
  >
    <header>
      <div
        class="d-flex justify-content-between align-items-center px-3 px-md-6"
      >
        <div
          class="root d-flex align-items-center"
          data-testid="Breadcrumbs"
        >
          <a
            class="link"
            href="/bolo-india"
          >
            <div
              class="d-flex align-items-center cursor-pointer"
            >
              <div
                class="icon d-flex"
              >
                <div
                  style="display: inline-block; max-width: 100%; overflow: hidden; position: relative; box-sizing: border-box; margin: 0px;"
                >
                  <div
                    style="box-sizing: border-box; display: block; max-width: 100%;"
                  >
                    <img
                      alt=""
                      aria-hidden="true"
                      src="data:image/svg+xml;base64,PHN2ZyB3aWR0aD0iNDciIGhlaWdodD0iNDIiIHhtbG5zPSJodHRwOi8vd3d3LnczLm9yZy8yMDAwL3N2ZyIgdmVyc2lvbj0iMS4xIi8+"
                      style="max-width: 100%; display: block; margin: 0px; padding: 0px;"
                    />
                  </div>
                  <img
                    alt="boloLogo"
                    data-nimg="intrinsic"
                    decoding="async"
                    src="/_next/image?url=%2Fimages%2Fen%2Flogos%2Fen-boloIndiaLogo.svg&w=96&q=75"
                    srcset="/_next/image?url=%2Fimages%2Fen%2Flogos%2Fen-boloIndiaLogo.svg&w=48&q=75 1x, /_next/image?url=%2Fimages%2Fen%2Flogos%2Fen-boloIndiaLogo.svg&w=96&q=75 2x"
                    style="position: absolute; top: 0px; left: 0px; bottom: 0px; right: 0px; box-sizing: border-box; padding: 0px; margin: auto; display: block; width: 0px; height: 0px; min-width: 100%; max-width: 100%; min-height: 100%; max-height: 100%;"
                  />
                  <noscript />
                </div>
              </div>
              <span
                class="initiative d-none d-md-block ms-1 ms-md-3 font-family-rowdies"
              >
                bolo india
              </span>
            </div>
          </a>
          <span
            class="mx-1 mx-md-3 text-primary-40"
          >
            /
          </span>
          <span
            class="display-5"
          >
            speak
          </span>
        </div>
        <div
          class="d-flex"
        >
          <div>
            <button
              class="root rounded d-flex align-items-center px-3 text-primary text-decoration-none info normal btn btn-link"
              data-testid="reportIconAlt_button"
              type="button"
            >
              <div
                style="display: inline-block; max-width: 100%; overflow: hidden; position: relative; box-sizing: border-box; margin: 0px;"
              >
                <div
                  style="box-sizing: border-box; display: block; max-width: 100%;"
                >
                  <img
                    alt=""
                    aria-hidden="true"
                    src="data:image/svg+xml;base64,PHN2ZyB3aWR0aD0iMjQiIGhlaWdodD0iMjQiIHhtbG5zPSJodHRwOi8vd3d3LnczLm9yZy8yMDAwL3N2ZyIgdmVyc2lvbj0iMS4xIi8+"
                    style="max-width: 100%; display: block; margin: 0px; padding: 0px;"
                  />
                </div>
                <img
                  alt="reportIconAlt"
                  data-nimg="intrinsic"
                  decoding="async"
                  src="/_next/image?url=%2Fimages%2Freport.svg&w=48&q=75"
                  srcset="/_next/image?url=%2Fimages%2Freport.svg&w=32&q=75 1x, /_next/image?url=%2Fimages%2Freport.svg&w=48&q=75 2x"
                  style="position: absolute; top: 0px; left: 0px; bottom: 0px; right: 0px; box-sizing: border-box; padding: 0px; margin: auto; display: block; width: 0px; height: 0px; min-width: 100%; max-width: 100%; min-height: 100%; max-height: 100%;"
                />
                <noscript />
              </div>
              <span
                class="text ms-2 d-none d-md-block"
              >
                report
              </span>
            </button>
          </div>
          <div
            class="ms-2 ms-md-4"
          >
            <div
              class="position-relative"
            >
              <button
                class="root rounded d-flex align-items-center px-3 text-primary text-decoration-none info normal btn btn-link"
                data-testid="testYourSpeaker_button"
                type="button"
              >
                <div
                  style="display: inline-block; max-width: 100%; overflow: hidden; position: relative; box-sizing: border-box; margin: 0px;"
                >
                  <div
                    style="box-sizing: border-box; display: block; max-width: 100%;"
                  >
                    <img
                      alt=""
                      aria-hidden="true"
                      src="data:image/svg+xml;base64,PHN2ZyB3aWR0aD0iMjQiIGhlaWdodD0iMjQiIHhtbG5zPSJodHRwOi8vd3d3LnczLm9yZy8yMDAwL3N2ZyIgdmVyc2lvbj0iMS4xIi8+"
                      style="max-width: 100%; display: block; margin: 0px; padding: 0px;"
                    />
                  </div>
                  <img
                    alt="testYourSpeaker"
                    data-nimg="intrinsic"
                    decoding="async"
                    src="/_next/image?url=%2Fimages%2Fspeaker.svg&w=48&q=75"
                    srcset="/_next/image?url=%2Fimages%2Fspeaker.svg&w=32&q=75 1x, /_next/image?url=%2Fimages%2Fspeaker.svg&w=48&q=75 2x"
                    style="position: absolute; top: 0px; left: 0px; bottom: 0px; right: 0px; box-sizing: border-box; padding: 0px; margin: auto; display: block; width: 0px; height: 0px; min-width: 100%; max-width: 100%; min-height: 100%; max-height: 100%;"
                  />
                  <noscript />
                </div>
                <span
                  class="text ms-2 d-md-none"
                >
                  test
                </span>
                <span
                  class="text ms-2 d-none d-md-block"
                >
                  testYourSpeaker
                </span>
              </button>
            </div>
          </div>
        </div>
      </div>
    </header>
    <div
      class="mt-5 container-lg"
    >
      <div
        class="root"
        data-testid="BoloSpeak"
      >
        <div
          class="d-flex justify-content-center align-items-center my-9 mt-md-12 mb-md-10 text-center display-1"
        >
          बल्कि मजबूरी थी 20
        </div>
        <div
          class="d-flex justify-content-center align-items-center my-9 mt-md-12 mb-md-10 text-center display-1"
        >
          <canvas
            id="visualizer"
          />
        </div>
        <div
          class="mt-12 mt-md-14"
        >
          <div
            class="d-flex flex-column flex-md-row justify-content-md-center align-items-center"
          >
            <button
              class="mx-md-6 order-2 order-md-1 my-2 my-md-0 light secondary btn btn-light"
              data-testid="Button"
              type="button"
            >
              startRecording
            </button>
            <button
              class="mx-md-6 order-3 order-md-3 my-2 my-md-0 info primary btn btn-primary"
              data-testid="Button"
              disabled=""
              type="button"
            >
              submit
            </button>
          </div>
          <div
            class="d-flex justify-content-center mt-4 mt-md-13"
          >
            <button
              class="transparent tertiary btn btn-transparent"
              data-testid="Button"
              type="button"
            >
              skip
            </button>
          </div>
        </div>
        <div
          class="d-flex align-items-center mt-10 mt-md-14"
        >
          <div
            class="flex-grow-1"
          >
            <div
              class="progress progress"
            >
              <div
                aria-valuemax="100"
                aria-valuemin="0"
                aria-valuenow="20"
                class="progress-bar bg-primary"
                role="progressbar"
                style="width: 20%;"
              />
            </div>
          </div>
          <span
            class="ms-5"
          >
            1/5
          </span>
        </div>
      </div>
    </div>
  </div>
</DocumentFragment>
`;
