// Jest Snapshot v1, https://goo.gl/fbAQLP

exports[`InitiativeBadgeDetail should render the component and matches it against stored snapshot 1`] = `
<DocumentFragment>
  <div
    data-testid="InitiativeBadgeDetail"
  >
    <div
      class="py-5 row"
    >
      <div
        class="d-flex align-items-center fw-light display-3 col-md-3"
      >
        selectBadgeLevelPrompt
      </div>
      <div
        class="d-flex justify-content-between justify-content-lg-start mt-5 mt-md-0 col-md-9"
      >
        <div
          class="medal"
        >
          <div
            class="position-relative"
          >
            <div
              class="root active d-flex flex-column align-items-center text-center py-2 py-md-3"
              role="button"
              tabindex="0"
            >
              <div
                class="medalImg d-flex"
              >
                <div
                  style="display: inline-block; max-width: 100%; overflow: hidden; position: relative; box-sizing: border-box; margin: 0px;"
                >
                  <div
                    style="box-sizing: border-box; display: block; max-width: 100%;"
                  >
                    <img
                      alt=""
                      aria-hidden="true"
                      src="data:image/svg+xml;base64,PHN2ZyB3aWR0aD0iNTYiIGhlaWdodD0iNzIiIHhtbG5zPSJodHRwOi8vd3d3LnczLm9yZy8yMDAwL3N2ZyIgdmVyc2lvbj0iMS4xIi8+"
                      style="max-width: 100%; display: block; margin: 0px; padding: 0px;"
                    />
                  </div>
                  <img
                    alt="Medal"
                    data-nimg="intrinsic"
                    decoding="async"
                    src="data:image/gif;base64,R0lGODlhAQABAIAAAAAAAP///yH5BAEAAAAALAAAAAABAAEAAAIBRAA7"
                    style="position: absolute; top: 0px; left: 0px; bottom: 0px; right: 0px; box-sizing: border-box; padding: 0px; margin: auto; display: block; width: 0px; height: 0px; min-width: 100%; max-width: 100%; min-height: 100%; max-height: 100%;"
                  />
                  <noscript />
                </div>
              </div>
              <span
                class="display-5 mt-1 fw-light text-capitalize text-break"
              >
                Bronze
              </span>
            </div>
          </div>
        </div>
        <div
          class="medal"
        >
          <div
            class="position-relative"
          >
            <div
              class="root  d-flex flex-column align-items-center text-center py-2 py-md-3"
              role="button"
              tabindex="0"
            >
              <div
                class="medalImg d-flex"
              >
                <div
                  style="display: inline-block; max-width: 100%; overflow: hidden; position: relative; box-sizing: border-box; margin: 0px;"
                >
                  <div
                    style="box-sizing: border-box; display: block; max-width: 100%;"
                  >
                    <img
                      alt=""
                      aria-hidden="true"
                      src="data:image/svg+xml;base64,PHN2ZyB3aWR0aD0iNTYiIGhlaWdodD0iNzIiIHhtbG5zPSJodHRwOi8vd3d3LnczLm9yZy8yMDAwL3N2ZyIgdmVyc2lvbj0iMS4xIi8+"
                      style="max-width: 100%; display: block; margin: 0px; padding: 0px;"
                    />
                  </div>
                  <img
                    alt="Medal"
                    data-nimg="intrinsic"
                    decoding="async"
                    src="data:image/gif;base64,R0lGODlhAQABAIAAAAAAAP///yH5BAEAAAAALAAAAAABAAEAAAIBRAA7"
                    style="position: absolute; top: 0px; left: 0px; bottom: 0px; right: 0px; box-sizing: border-box; padding: 0px; margin: auto; display: block; width: 0px; height: 0px; min-width: 100%; max-width: 100%; min-height: 100%; max-height: 100%;"
                  />
                  <noscript />
                </div>
              </div>
              <span
                class="display-5 mt-1 fw-light text-capitalize text-break"
              >
                Silver
              </span>
            </div>
          </div>
        </div>
        <div
          class="medal"
        >
          <div
            class="position-relative"
          >
            <div
              class="root  d-flex flex-column align-items-center text-center py-2 py-md-3"
              role="button"
              tabindex="0"
            >
              <div
                class="medalImg d-flex"
              >
                <div
                  style="display: inline-block; max-width: 100%; overflow: hidden; position: relative; box-sizing: border-box; margin: 0px;"
                >
                  <div
                    style="box-sizing: border-box; display: block; max-width: 100%;"
                  >
                    <img
                      alt=""
                      aria-hidden="true"
                      src="data:image/svg+xml;base64,PHN2ZyB3aWR0aD0iNTYiIGhlaWdodD0iNzIiIHhtbG5zPSJodHRwOi8vd3d3LnczLm9yZy8yMDAwL3N2ZyIgdmVyc2lvbj0iMS4xIi8+"
                      style="max-width: 100%; display: block; margin: 0px; padding: 0px;"
                    />
                  </div>
                  <img
                    alt="Medal"
                    data-nimg="intrinsic"
                    decoding="async"
                    src="data:image/gif;base64,R0lGODlhAQABAIAAAAAAAP///yH5BAEAAAAALAAAAAABAAEAAAIBRAA7"
                    style="position: absolute; top: 0px; left: 0px; bottom: 0px; right: 0px; box-sizing: border-box; padding: 0px; margin: auto; display: block; width: 0px; height: 0px; min-width: 100%; max-width: 100%; min-height: 100%; max-height: 100%;"
                  />
                  <noscript />
                </div>
              </div>
              <span
                class="display-5 mt-1 fw-light text-capitalize text-break"
              >
                Gold
              </span>
            </div>
          </div>
        </div>
        <div
          class="medal"
        >
          <div
            class="position-relative"
          >
            <div
              class="root  d-flex flex-column align-items-center text-center py-2 py-md-3"
              role="button"
              tabindex="0"
            >
              <div
                class="medalImg d-flex"
              >
                <div
                  style="display: inline-block; max-width: 100%; overflow: hidden; position: relative; box-sizing: border-box; margin: 0px;"
                >
                  <div
                    style="box-sizing: border-box; display: block; max-width: 100%;"
                  >
                    <img
                      alt=""
                      aria-hidden="true"
                      src="data:image/svg+xml;base64,PHN2ZyB3aWR0aD0iNTYiIGhlaWdodD0iNzIiIHhtbG5zPSJodHRwOi8vd3d3LnczLm9yZy8yMDAwL3N2ZyIgdmVyc2lvbj0iMS4xIi8+"
                      style="max-width: 100%; display: block; margin: 0px; padding: 0px;"
                    />
                  </div>
                  <img
                    alt="Medal"
                    data-nimg="intrinsic"
                    decoding="async"
                    src="data:image/gif;base64,R0lGODlhAQABAIAAAAAAAP///yH5BAEAAAAALAAAAAABAAEAAAIBRAA7"
                    style="position: absolute; top: 0px; left: 0px; bottom: 0px; right: 0px; box-sizing: border-box; padding: 0px; margin: auto; display: block; width: 0px; height: 0px; min-width: 100%; max-width: 100%; min-height: 100%; max-height: 100%;"
                  />
                  <noscript />
                </div>
              </div>
              <span
                class="display-5 mt-1 fw-light text-capitalize text-break"
              >
                Platinum
              </span>
            </div>
          </div>
        </div>
      </div>
    </div>
    <div
      class="py-5 row"
    >
      <div
        class="d-flex align-items-center fw-light display-3 col-md-3"
      >
        participation
      </div>
      <div
        class="d-flex justify-content-between justify-content-md-start mt-5 mt-md-0 col-md-9"
      >
        <div
          class="fw-light display-3"
        >
          <div
            class="me-9 form-check form-check-inline"
          >
            <input
              checked=""
              class="form-check-input"
              data-testid="action1"
              id="action1"
              name="action"
              type="radio"
              value="Contribution"
            />
            <label
              class="form-check-label"
              for="action1"
              title=""
            >
              contribution
            </label>
          </div>
          <div
            class="form-check form-check-inline"
          >
            <input
              class="form-check-input"
              data-testid="action2"
              id="action2"
              name="action"
              type="radio"
              value="Validation"
            />
            <label
              class="form-check-label"
              for="action2"
              title=""
            >
              validation
            </label>
          </div>
        </div>
      </div>
    </div>
    <section
      class="py-5"
    >
      <div
        class="root rounded-20"
      >
        <div
          class="rounded-20 bg-light p-5"
        >
          <div
            class="row"
          >
            <div
              class="d-flex align-items-center justify-content-center order-md-2 order-1 col-md-4 col-12"
            >
              <div
                class="medalImg"
              >
                <div
                  style="display: inline-block; max-width: 100%; overflow: hidden; position: relative; box-sizing: border-box; margin: 0px;"
                >
                  <div
                    style="box-sizing: border-box; display: block; max-width: 100%;"
                  >
                    <img
                      alt=""
                      aria-hidden="true"
                      src="data:image/svg+xml;base64,PHN2ZyB3aWR0aD0iMjUwIiBoZWlnaHQ9IjMyMCIgeG1sbnM9Imh0dHA6Ly93d3cudzMub3JnLzIwMDAvc3ZnIiB2ZXJzaW9uPSIxLjEiLz4="
                      style="max-width: 100%; display: block; margin: 0px; padding: 0px;"
                    />
                  </div>
                  <img
                    alt="Bronze Badge english"
                    data-nimg="intrinsic"
                    decoding="async"
                    src="data:image/gif;base64,R0lGODlhAQABAIAAAAAAAP///yH5BAEAAAAALAAAAAABAAEAAAIBRAA7"
                    style="position: absolute; top: 0px; left: 0px; bottom: 0px; right: 0px; box-sizing: border-box; padding: 0px; margin: auto; display: block; width: 0px; height: 0px; min-width: 100%; max-width: 100%; min-height: 100%; max-height: 100%;"
                  />
                  <noscript />
                </div>
              </div>
            </div>
            <div
              class="d-flex align-items-center justify-content-center text-center text-md-start mt-5 mt-md-0 order-md-1 order-2 col-md-8 col-12"
            >
              <div
                class="heading"
              >
                <h2>
                  badgeDetailText
                </h2>
              </div>
            </div>
          </div>
        </div>
      </div>
    </section>
  </div>
</DocumentFragment>
`;
