// Jest Snapshot v1, https://goo.gl/fbAQLP

exports[`Button should render the component and matches it against stored snapshot 1`] = `
<DocumentFragment>
  <button
    class="info normal btn btn-link"
    data-testid="Button"
    type="button"
  >
    some text
  </button>
</DocumentFragment>
`;
