// Jest Snapshot v1, https://goo.gl/fbAQLP

exports[`TermsAndConditionsLink should render the component and matches it against stored snapshot 1`] = `
<DocumentFragment>
  <a
    href="/terms-and-conditions"
    target="_blank"
  >
    termsAndConditionsTextValue
  </a>
</DocumentFragment>
`;
