// Jest Snapshot v1, https://goo.gl/fbAQLP

exports[`LanguageMedals should render the component and matches it against stored snapshot 1`] = `[Function]`;
