// Jest Snapshot v1, https://goo.gl/fbAQLP

exports[`TriColorGradientBg should render the component and matches it against stored snapshot 1`] = `
<DocumentFragment>
  <div
    class="root"
  >
    <div
      class="inner bg-light p-5"
    >
      some content
    </div>
  </div>
</DocumentFragment>
`;
