// Jest Snapshot v1, https://goo.gl/fbAQLP

exports[`Breadcrumbs should render the component and matches it against stored snapshot 1`] = `
<DocumentFragment>
  <div
    class="d-flex align-items-center"
    data-testid="Breadcrumbs"
  >
    <div
      class="d-flex align-items-center"
    >
      <div
        class="icon d-flex"
      >
        <div
          style="display: inline-block; max-width: 100%; overflow: hidden; position: relative; box-sizing: border-box; margin: 0px;"
        >
          <div
            style="box-sizing: border-box; display: block; max-width: 100%;"
          >
            <img
              alt=""
              aria-hidden="true"
              src="data:image/svg+xml;base64,PHN2ZyB3aWR0aD0iNDciIGhlaWdodD0iNDIiIHhtbG5zPSJodHRwOi8vd3d3LnczLm9yZy8yMDAwL3N2ZyIgdmVyc2lvbj0iMS4xIi8+"
              style="max-width: 100%; display: block; margin: 0px; padding: 0px;"
            />
          </div>
          <img
            alt="sunoLogo"
            data-nimg="intrinsic"
            decoding="async"
            src="data:image/gif;base64,R0lGODlhAQABAIAAAAAAAP///yH5BAEAAAAALAAAAAABAAEAAAIBRAA7"
            style="position: absolute; top: 0px; left: 0px; bottom: 0px; right: 0px; box-sizing: border-box; padding: 0px; margin: auto; display: block; width: 0px; height: 0px; min-width: 100%; max-width: 100%; min-height: 100%; max-height: 100%;"
          />
          <noscript />
        </div>
      </div>
      <span
        class="initiative ms-1 ms-md-3 font-family-rowdies"
      >
        Suno 
        <span
          class="text-warning"
        >
          India
        </span>
      </span>
    </div>
    <span
      class="mx-1 mx-md-3 text-primary-40"
    >
      /
    </span>
    <span
      class="display-5"
    >
      Transcribe
    </span>
  </div>
</DocumentFragment>
`;
